198.54.126.42 - - [03/May/2024:09:05:03 -0400] "POST /wp-cron.php?doing_wp_cron=1714741502.9421229362487792968750 HTTP/1.1" 200 - "-" "WordPress/6.5.2; https://dependablelc.com"
139.5.200.138 - - [03/May/2024:09:05:01 -0400] "GET /Utility/Ueditor/plugins/ueditor/controller.ashx?action=catchimage HTTP/1.1" 301 - "-" "Mozilla/5.0 (Windows NT 10.0; Win64; x64) AppleWebKit/537.36 (KHTML, like Gecko) Chrome/90.0.4430.85 Safari/537.36"
139.5.200.138 - - [03/May/2024:09:05:08 -0400] "GET /Content/Public/plugins/ueditor/controller.ashx?action=catchimage HTTP/1.1" 301 - "-" "Mozilla/5.0 (Windows NT 10.0; Win64; x64) AppleWebKit/537.36 (KHTML, like Gecko) Chrome/90.0.4430.85 Safari/537.36"
139.5.200.138 - - [03/May/2024:09:05:12 -0400] "GET /Scripts/Pu-in/ueditor/net/controller.ashx?action=catchimage HTTP/1.1" 301 - "-" "Mozilla/5.0 (Windows NT 10.0; Win64; x64) AppleWebKit/537.36 (KHTML, like Gecko) Chrome/90.0.4430.85 Safari/537.36"
198.54.126.42 - - [03/May/2024:09:14:33 -0400] "POST /wp-cron.php?doing_wp_cron=1714742073.1127738952636718750000 HTTP/1.1" 200 - "-" "WordPress/6.5.2; https://dependablelc.com"
38.45.127.226 - - [03/May/2024:09:14:30 -0400] "GET / HTTP/1.1" 301 - "http://www.dependablelc.com" "Mozilla/5.0 (Windows; U; Windows NT 6.1; en-US) AppleWebKit/534.3 (KHTML, like Gecko) Chrome/6.0.472.33 Safari/534.3 SE 2.X MetaSr 1.0"
198.54.126.42 - - [03/May/2024:09:16:20 -0400] "POST /wp-cron.php?doing_wp_cron=1714742180.9697160720825195312500 HTTP/1.1" 200 - "-" "WordPress/6.5.2; https://dependablelc.com"
185.180.143.146 - - [03/May/2024:09:16:20 -0400] "GET / HTTP/1.1" 301 - "-" "Mozilla/5.0 (Windows NT 10.0; WOW64) AppleWebKit/537.36 (KHTML, like Gecko) Chrome/66.0.3359.117 Safari/537.36"
198.54.126.42 - - [03/May/2024:10:03:07 -0400] "POST /wp-cron.php?doing_wp_cron=1714744987.0617659091949462890625 HTTP/1.1" 200 - "-" "WordPress/6.5.2; https://dependablelc.com"
31.14.141.126 - - [03/May/2024:10:03:05 -0400] "POST /index.php HTTP/1.1" 301 - "-" "Mozilla/5.0 (Windows NT 6.0; Win64; x64) AppleWebKit/537.36 (KHTML, like Gecko) Chrome/65.0.3152.119 Safari/537.36"
198.54.126.42 - - [03/May/2024:10:03:24 -0400] "POST /wp-cron.php?doing_wp_cron=1714745004.3712470531463623046875 HTTP/1.1" 200 - "-" "WordPress/6.5.2; https://dependablelc.com"
31.14.141.126 - - [03/May/2024:10:03:24 -0400] "POST /wp-head.php HTTP/1.1" 301 - "-" "Mozilla/5.0 (Windows NT 6.0; Win64; x64) AppleWebKit/537.36 (KHTML, like Gecko) Chrome/65.0.3152.119 Safari/537.36"
198.54.126.42 - - [03/May/2024:10:04:31 -0400] "POST /wp-cron.php?doing_wp_cron=1714745071.8067638874053955078125 HTTP/1.1" 200 - "-" "WordPress/6.5.2; https://dependablelc.com"
31.14.141.126 - - [03/May/2024:10:04:31 -0400] "POST /wp-checkbex.php HTTP/1.1" 301 - "-" "Mozilla/5.0 (Windows NT 6.0; Win64; x64) AppleWebKit/537.36 (KHTML, like Gecko) Chrome/65.0.3152.119 Safari/537.36"
198.54.126.42 - - [03/May/2024:10:10:13 -0400] "POST /wp-cron.php?doing_wp_cron=1714745413.1313331127166748046875 HTTP/1.1" 200 - "-" "WordPress/6.5.2; https://dependablelc.com"
44.201.238.9 - - [03/May/2024:10:10:11 -0400] "GET / HTTP/1.1" 301 - "-" "Mozilla/5.0 (Windows NT 10.0; Win64; x64) AppleWebKit/537.36 (KHTML, like Gecko) Chrome/86.0.4240.75 Safari/537.36"
198.54.126.42 - - [03/May/2024:10:56:55 -0400] "POST /wp-cron.php?doing_wp_cron=1714748215.1076850891113281250000 HTTP/1.1" 200 - "-" "WordPress/6.5.2; https://dependablelc.com"
198.54.126.42 - - [03/May/2024:10:56:55 -0400] "POST /wp-cron.php?doing_wp_cron=1714748215.1505970954895019531250 HTTP/1.1" 200 - "-" "WordPress/6.5.2; https://dependablelc.com"
43.163.8.148 - - [03/May/2024:10:56:53 -0400] "GET / HTTP/1.1" 301 - "-" "Mozilla/5.0 (iPhone; CPU iPhone OS 13_2_3 like Mac OS X) AppleWebKit/605.1.15 (KHTML, like Gecko) Version/13.0.3 Mobile/15E148 Safari/604.1"
198.54.126.42 - - [03/May/2024:11:51:08 -0400] "POST /wp-cron.php?doing_wp_cron=1714751468.8024070262908935546875 HTTP/1.1" 200 - "-" "WordPress/6.5.2; https://dependablelc.com"
185.56.83.83 - - [03/May/2024:11:51:07 -0400] "GET / HTTP/1.1" 301 - "http://dependablelc.com" "Mozilla/5.0 (Macintosh; Intel Mac OS X 10_15_6) AppleWebKit/605.1.15 (KHTML, like Gecko) Version/14.0 Safari/605.1.15"
198.54.126.42 - - [03/May/2024:12:07:23 -0400] "POST /wp-cron.php?doing_wp_cron=1714752443.9827589988708496093750 HTTP/1.1" 200 - "-" "WordPress/6.5.2; https://dependablelc.com"
198.54.126.42 - - [03/May/2024:12:07:24 -0400] "POST /wp-cron.php?doing_wp_cron=1714752444.0281999111175537109375 HTTP/1.1" 200 - "-" "WordPress/6.5.2; https://dependablelc.com"
119.188.246.142 - - [03/May/2024:12:07:22 -0400] "GET /api.php?op=checkcode&code_len=4&font_size=20&width=130&height=50&font_color=&background= HTTP/1.1" 301 - "-" "python-requests/2.31.0"
198.54.126.42 - - [03/May/2024:12:14:14 -0400] "POST /wp-cron.php?doing_wp_cron=1714752854.5582020282745361328125 HTTP/1.1" 200 - "-" "WordPress/6.5.2; https://dependablelc.com"
18.246.41.94 - - [03/May/2024:12:14:13 -0400] "HEAD / HTTP/1.1" 301 - "-" "Mozilla/5.0 (compatible; MSIE 7.0; Windows NT 6.0; SLCC1; .NET CLR 2.0.50727; Media Center PC 5.0; c .NET CLR 3.0.04506; .NET CLR 3.5.30707; InfoPath.1; el-GR)"
198.54.126.42 - - [03/May/2024:12:38:34 -0400] "POST /wp-cron.php?doing_wp_cron=1714754314.2079000473022460937500 HTTP/1.1" 200 - "-" "WordPress/6.5.2; https://dependablelc.com"
52.170.215.37 - - [03/May/2024:12:38:32 -0400] "GET /.env HTTP/1.1" 301 - "-" "Mozilla/5.0 (Linux; U; Android 4.4.2; en-US; HM NOTE 1W Build/KOT49H) AppleWebKit/534.30 (KHTML, like Gecko) Version/4.0 UCBrowser/11.0.5.850 U3/0.8.0 Mobile Safari/534.30"
198.54.126.42 - - [03/May/2024:13:14:44 -0400] "POST /wp-cron.php?doing_wp_cron=1714756484.6455750465393066406250 HTTP/1.1" 200 - "-" "WordPress/6.5.2; https://dependablelc.com"
198.54.126.42 - - [03/May/2024:13:14:44 -0400] "POST /wp-cron.php?doing_wp_cron=1714756484.7073669433593750000000 HTTP/1.1" 200 - "-" "WordPress/6.5.2; https://dependablelc.com"
38.83.9.84 - - [03/May/2024:13:14:42 -0400] "GET / HTTP/1.1" 301 - "-" "Mozilla/4.0 (compatible; MSIE 8.0; Windows NT 5.1; Trident/4.0; .NET CLR 2.0.50727)"
198.54.126.42 - - [03/May/2024:13:50:23 -0400] "POST /wp-cron.php?doing_wp_cron=1714758623.3500978946685791015625 HTTP/1.1" 200 - "-" "WordPress/6.5.2; https://dependablelc.com"
40.67.137.66 - - [03/May/2024:13:50:21 -0400] "GET /.env HTTP/1.1" 301 - "-" "Mozilla/5.0 (X11; Linux x86_64) AppleWebKit/537.36 (KHTML, like Gecko) Chrome/81.0.4044.129 Safari/537.36"
198.54.126.42 - - [03/May/2024:15:07:37 -0400] "POST /wp-cron.php?doing_wp_cron=1714763257.5155060291290283203125 HTTP/1.1" 200 - "-" "WordPress/6.5.2; https://dependablelc.com"
54.219.137.225 - - [03/May/2024:15:07:36 -0400] "GET / HTTP/1.1" 301 - "-" "Mozilla/5.0 (X11; Linux x86_64) AppleWebKit/537.36 (KHTML, like Gecko) Chrome/51.0.2704.103 Safari/537.36"
198.54.126.42 - - [03/May/2024:15:37:28 -0400] "POST /wp-cron.php?doing_wp_cron=1714765048.6404509544372558593750 HTTP/1.1" 200 - "-" "WordPress/6.5.2; https://dependablelc.com"
80.66.79.9 - - [03/May/2024:15:37:27 -0400] "GET / HTTP/1.1" 301 - "https://lit.ukrtvory.ru/" "Mozilla/4.0 (compatible; MSIE 6.0; Windows NT 5.1; SV1; MRA 4.6 (build 01425); MRSPUTNIK 1, 5, 0, 19 SW)"
80.66.79.9 - - [03/May/2024:15:37:28 -0400] "GET / HTTP/1.1" 301 - "https://lit.ukrtvory.ru/" "Mozilla/4.0 (compatible; MSIE 6.0; Windows NT 5.1; SV1; MRA 4.6 (build 01425); MRSPUTNIK 1, 5, 0, 19 SW)"
80.66.79.9 - - [03/May/2024:15:37:29 -0400] "GET / HTTP/1.1" 301 - "https://lit.ukrtvory.ru/" "Mozilla/4.0 (compatible; MSIE 6.0; Windows NT 5.1; SV1; MRA 4.6 (build 01425); MRSPUTNIK 1, 5, 0, 19 SW)"
198.54.126.42 - - [03/May/2024:15:45:20 -0400] "POST /wp-cron.php?doing_wp_cron=1714765520.8868689537048339843750 HTTP/1.1" 200 - "-" "WordPress/6.5.2; https://dependablelc.com"
198.235.24.179 - - [03/May/2024:15:45:19 -0400] "GET / HTTP/1.1" 301 - "-" "Expanse, a Palo Alto Networks company, searches across the global IPv4 space multiple times per day to identify customers&#39; presences on the Internet. If you would like to be excluded from our scans, please send IP addresses/domains to: scaninfo@paloaltonetworks.com"
198.54.126.42 - - [03/May/2024:16:46:54 -0400] "POST /wp-cron.php?doing_wp_cron=1714769214.8405740261077880859375 HTTP/1.1" 200 - "-" "WordPress/6.5.2; https://dependablelc.com"
205.210.31.94 - - [03/May/2024:16:46:53 -0400] "GET / HTTP/1.1" 301 - "-" "Expanse, a Palo Alto Networks company, searches across the global IPv4 space multiple times per day to identify customers&#39; presences on the Internet. If you would like to be excluded from our scans, please send IP addresses/domains to: scaninfo@paloaltonetworks.com"
167.71.230.142 - - [03/May/2024:18:18:58 -0400] "GET /wp-admin/css/ HTTP/1.1" 200 1667 "binance.com" "Mozilla/5.0 (Windows NT 10.0; Win64; x64) AppleWebKit/537.36 (KHTML, like Gecko) Chrome/90.0.4430.85 Safari/537.36"
167.71.230.142 - - [03/May/2024:18:19:06 -0400] "GET /wp-content/uploads/2024/05/ HTTP/1.1" 200 324 "binance.com" "Mozilla/5.0 (Windows NT 10.0; Win64; x64) AppleWebKit/537.36 (KHTML, like Gecko) Chrome/90.0.4430.85 Safari/537.36"
167.71.230.142 - - [03/May/2024:18:19:14 -0400] "GET /wp-content/uploads/2024/04/ HTTP/1.1" 200 324 "binance.com" "Mozilla/5.0 (Windows NT 10.0; Win64; x64) AppleWebKit/537.36 (KHTML, like Gecko) Chrome/90.0.4430.85 Safari/537.36"
167.71.230.142 - - [03/May/2024:18:19:21 -0400] "GET /wp-content/uploads/ HTTP/1.1" 200 529 "binance.com" "Mozilla/5.0 (Windows NT 10.0; Win64; x64) AppleWebKit/537.36 (KHTML, like Gecko) Chrome/90.0.4430.85 Safari/537.36"
167.71.230.142 - - [03/May/2024:18:19:31 -0400] "GET /wp-content/uploads/ HTTP/1.1" 200 529 "binance.com" "Mozilla/5.0 (Windows NT 10.0; Win64; x64) AppleWebKit/537.36 (KHTML, like Gecko) Chrome/90.0.4430.85 Safari/537.36"
167.71.230.142 - - [03/May/2024:18:19:40 -0400] "GET /wp-content/uploads/code-execution.php HTTP/1.1" 200 47 "binance.com" "Mozilla/5.0 (Windows NT 10.0; Win64; x64) AppleWebKit/537.36 (KHTML, like Gecko) Chrome/90.0.4430.85 Safari/537.36"
167.71.230.142 - - [03/May/2024:18:19:48 -0400] "GET /wp-content/upgrade/ HTTP/1.1" 200 315 "binance.com" "Mozilla/5.0 (Windows NT 10.0; Win64; x64) AppleWebKit/537.36 (KHTML, like Gecko) Chrome/90.0.4430.85 Safari/537.36"
198.54.126.42 - - [03/May/2024:18:19:59 -0400] "POST /wp-cron.php?doing_wp_cron=1714774799.9504480361938476562500 HTTP/1.1" 200 - "-" "WordPress/6.5.2; https://dependablelc.com"
167.71.230.142 - - [03/May/2024:18:19:58 -0400] "GET /wp-content/languages/ HTTP/1.1" 301 - "binance.com" "Mozilla/5.0 (Windows NT 10.0; Win64; x64) AppleWebKit/537.36 (KHTML, like Gecko) Chrome/90.0.4430.85 Safari/537.36"
167.71.230.142 - - [03/May/2024:18:20:16 -0400] "GET /wp-admin/includes/ HTTP/1.1" 200 2100 "binance.com" "Mozilla/5.0 (Windows NT 10.0; Win64; x64) AppleWebKit/537.36 (KHTML, like Gecko) Chrome/90.0.4430.85 Safari/537.36"
167.71.230.142 - - [03/May/2024:18:20:24 -0400] "GET /wp-admin/includes/ HTTP/1.1" 200 2100 "binance.com" "Mozilla/5.0 (Windows NT 10.0; Win64; x64) AppleWebKit/537.36 (KHTML, like Gecko) Chrome/90.0.4430.85 Safari/537.36"
167.71.230.142 - - [03/May/2024:18:20:35 -0400] "GET /wp-admin/maint/ HTTP/1.1" 200 356 "binance.com" "Mozilla/5.0 (Windows NT 10.0; Win64; x64) AppleWebKit/537.36 (KHTML, like Gecko) Chrome/90.0.4430.85 Safari/537.36"
167.71.230.142 - - [03/May/2024:18:20:43 -0400] "GET /wp-admin/maint/ HTTP/1.1" 200 356 "binance.com" "Mozilla/5.0 (Windows NT 10.0; Win64; x64) AppleWebKit/537.36 (KHTML, like Gecko) Chrome/90.0.4430.85 Safari/537.36"
198.54.126.42 - - [03/May/2024:18:20:52 -0400] "POST /wp-cron.php?doing_wp_cron=1714774852.2991690635681152343750 HTTP/1.1" 200 - "-" "WordPress/6.5.2; https://dependablelc.com"
167.71.230.142 - - [03/May/2024:18:20:51 -0400] "GET /wp-admin/network/ HTTP/1.1" 302 - "binance.com" "Mozilla/5.0 (Windows NT 10.0; Win64; x64) AppleWebKit/537.36 (KHTML, like Gecko) Chrome/90.0.4430.85 Safari/537.36"
198.54.126.42 - - [03/May/2024:18:21:18 -0400] "POST /wp-cron.php?doing_wp_cron=1714774878.6173770427703857421875 HTTP/1.1" 200 - "-" "WordPress/6.5.2; https://dependablelc.com"
167.71.230.142 - - [03/May/2024:18:21:18 -0400] "GET /wp-admin/user/ HTTP/1.1" 302 - "binance.com" "Mozilla/5.0 (Windows NT 10.0; Win64; x64) AppleWebKit/537.36 (KHTML, like Gecko) Chrome/90.0.4430.85 Safari/537.36"
167.71.230.142 - - [03/May/2024:18:21:37 -0400] "GET /wp-admin/css/ HTTP/1.1" 200 1667 "binance.com" "Mozilla/5.0 (Windows NT 10.0; Win64; x64) AppleWebKit/537.36 (KHTML, like Gecko) Chrome/90.0.4430.85 Safari/537.36"
167.71.230.142 - - [03/May/2024:18:21:49 -0400] "GET /wp-admin/css/colors/ HTTP/1.1" 200 534 "binance.com" "Mozilla/5.0 (Windows NT 10.0; Win64; x64) AppleWebKit/537.36 (KHTML, like Gecko) Chrome/90.0.4430.85 Safari/537.36"
167.71.230.142 - - [03/May/2024:18:22:01 -0400] "GET /wp-admin/css/colors/blue/ HTTP/1.1" 200 421 "binance.com" "Mozilla/5.0 (Windows NT 10.0; Win64; x64) AppleWebKit/537.36 (KHTML, like Gecko) Chrome/90.0.4430.85 Safari/537.36"
167.71.230.142 - - [03/May/2024:18:22:13 -0400] "GET /wp-admin/css/colors/coffee/ HTTP/1.1" 200 424 "binance.com" "Mozilla/5.0 (Windows NT 10.0; Win64; x64) AppleWebKit/537.36 (KHTML, like Gecko) Chrome/90.0.4430.85 Safari/537.36"
167.71.230.142 - - [03/May/2024:18:22:23 -0400] "GET /wp-admin/css/colors/ectoplasm/ HTTP/1.1" 200 422 "binance.com" "Mozilla/5.0 (Windows NT 10.0; Win64; x64) AppleWebKit/537.36 (KHTML, like Gecko) Chrome/90.0.4430.85 Safari/537.36"
167.71.230.142 - - [03/May/2024:18:22:39 -0400] "GET /wp-admin/css/colors/light/ HTTP/1.1" 200 419 "binance.com" "Mozilla/5.0 (Windows NT 10.0; Win64; x64) AppleWebKit/537.36 (KHTML, like Gecko) Chrome/90.0.4430.85 Safari/537.36"
167.71.230.142 - - [03/May/2024:18:22:53 -0400] "GET /wp-admin/css/colors/midnight/ HTTP/1.1" 200 422 "binance.com" "Mozilla/5.0 (Windows NT 10.0; Win64; x64) AppleWebKit/537.36 (KHTML, like Gecko) Chrome/90.0.4430.85 Safari/537.36"
167.71.230.142 - - [03/May/2024:18:23:06 -0400] "GET /wp-admin/css/colors/modern/ HTTP/1.1" 200 421 "binance.com" "Mozilla/5.0 (Windows NT 10.0; Win64; x64) AppleWebKit/537.36 (KHTML, like Gecko) Chrome/90.0.4430.85 Safari/537.36"
167.71.230.142 - - [03/May/2024:18:23:16 -0400] "GET /wp-admin/css/colors/ocean/ HTTP/1.1" 200 422 "binance.com" "Mozilla/5.0 (Windows NT 10.0; Win64; x64) AppleWebKit/537.36 (KHTML, like Gecko) Chrome/90.0.4430.85 Safari/537.36"
198.54.126.42 - - [03/May/2024:18:23:27 -0400] "POST /wp-cron.php?doing_wp_cron=1714775007.2974081039428710937500 HTTP/1.1" 200 - "-" "WordPress/6.5.2; https://dependablelc.com"
167.71.230.142 - - [03/May/2024:18:23:27 -0400] "GET /wp-admin/css/colors/sunrise/%20 HTTP/1.1" 301 - "binance.com" "Mozilla/5.0 (Windows NT 10.0; Win64; x64) AppleWebKit/537.36 (KHTML, like Gecko) Chrome/90.0.4430.85 Safari/537.36"
167.71.230.142 - - [03/May/2024:18:23:45 -0400] "GET /wp-admin/images/ HTTP/1.1" 200 1727 "binance.com" "Mozilla/5.0 (Windows NT 10.0; Win64; x64) AppleWebKit/537.36 (KHTML, like Gecko) Chrome/90.0.4430.85 Safari/537.36"
167.71.230.142 - - [03/May/2024:18:23:55 -0400] "GET /wp-admin/js/ HTTP/1.1" 200 2016 "binance.com" "Mozilla/5.0 (Windows NT 10.0; Win64; x64) AppleWebKit/537.36 (KHTML, like Gecko) Chrome/90.0.4430.85 Safari/537.36"
167.71.230.142 - - [03/May/2024:18:24:02 -0400] "GET /wp-admin/js/widgets/ HTTP/1.1" 200 625 "binance.com" "Mozilla/5.0 (Windows NT 10.0; Win64; x64) AppleWebKit/537.36 (KHTML, like Gecko) Chrome/90.0.4430.85 Safari/537.36"
167.71.230.142 - - [03/May/2024:18:24:12 -0400] "GET /wp-includes/ HTTP/1.1" 200 4531 "binance.com" "Mozilla/5.0 (Windows NT 10.0; Win64; x64) AppleWebKit/537.36 (KHTML, like Gecko) Chrome/90.0.4430.85 Safari/537.36"
167.71.230.142 - - [03/May/2024:18:24:23 -0400] "GET /wp-includes/ HTTP/1.1" 200 4531 "binance.com" "Mozilla/5.0 (Windows NT 10.0; Win64; x64) AppleWebKit/537.36 (KHTML, like Gecko) Chrome/90.0.4430.85 Safari/537.36"
167.71.230.142 - - [03/May/2024:18:24:33 -0400] "GET /wp-includes/block-bindings.php HTTP/1.1" 200 - "binance.com" "Mozilla/5.0 (Windows NT 10.0; Win64; x64) AppleWebKit/537.36 (KHTML, like Gecko) Chrome/90.0.4430.85 Safari/537.36"
167.71.230.142 - - [03/May/2024:18:24:46 -0400] "GET /wp-includes/block-editor.php HTTP/1.1" 200 - "binance.com" "Mozilla/5.0 (Windows NT 10.0; Win64; x64) AppleWebKit/537.36 (KHTML, like Gecko) Chrome/90.0.4430.85 Safari/537.36"
167.71.230.142 - - [03/May/2024:18:24:54 -0400] "GET /wp-includes/block-template-utils.php HTTP/1.1" 200 - "binance.com" "Mozilla/5.0 (Windows NT 10.0; Win64; x64) AppleWebKit/537.36 (KHTML, like Gecko) Chrome/90.0.4430.85 Safari/537.36"
167.71.230.142 - - [03/May/2024:18:25:03 -0400] "GET /wp-includes/block-template.php HTTP/1.1" 200 - "binance.com" "Mozilla/5.0 (Windows NT 10.0; Win64; x64) AppleWebKit/537.36 (KHTML, like Gecko) Chrome/90.0.4430.85 Safari/537.36"
167.71.230.142 - - [03/May/2024:18:25:15 -0400] "GET /wp-includes/class-avif-info.php HTTP/1.1" 200 - "binance.com" "Mozilla/5.0 (Windows NT 10.0; Win64; x64) AppleWebKit/537.36 (KHTML, like Gecko) Chrome/90.0.4430.85 Safari/537.36"
167.71.230.142 - - [03/May/2024:18:25:27 -0400] "GET /wp-includes/class-wp-block-bindings-registry.php HTTP/1.1" 200 - "binance.com" "Mozilla/5.0 (Windows NT 10.0; Win64; x64) AppleWebKit/537.36 (KHTML, like Gecko) Chrome/90.0.4430.85 Safari/537.36"
167.71.230.142 - - [03/May/2024:18:25:39 -0400] "GET /wp-includes/class-wp-block-bindings-source.php HTTP/1.1" 200 - "binance.com" "Mozilla/5.0 (Windows NT 10.0; Win64; x64) AppleWebKit/537.36 (KHTML, like Gecko) Chrome/90.0.4430.85 Safari/537.36"
167.71.230.142 - - [03/May/2024:18:25:51 -0400] "GET /wp-includes/class-wp-block-editor-context.php HTTP/1.1" 200 - "binance.com" "Mozilla/5.0 (Windows NT 10.0; Win64; x64) AppleWebKit/537.36 (KHTML, like Gecko) Chrome/90.0.4430.85 Safari/537.36"
167.71.230.142 - - [03/May/2024:18:26:04 -0400] "GET /wp-includes/class-wp-block-parser-block.php HTTP/1.1" 200 - "binance.com" "Mozilla/5.0 (Windows NT 10.0; Win64; x64) AppleWebKit/537.36 (KHTML, like Gecko) Chrome/90.0.4430.85 Safari/537.36"
167.71.230.142 - - [03/May/2024:18:26:12 -0400] "GET /wp-includes/class-wp-block-parser-frame.php HTTP/1.1" 200 - "binance.com" "Mozilla/5.0 (Windows NT 10.0; Win64; x64) AppleWebKit/537.36 (KHTML, like Gecko) Chrome/90.0.4430.85 Safari/537.36"
167.71.230.142 - - [03/May/2024:18:26:22 -0400] "GET /wp-includes/class-wp-block-template.php HTTP/1.1" 200 - "binance.com" "Mozilla/5.0 (Windows NT 10.0; Win64; x64) AppleWebKit/537.36 (KHTML, like Gecko) Chrome/90.0.4430.85 Safari/537.36"
167.71.230.142 - - [03/May/2024:18:26:28 -0400] "GET /wp-includes/class-wp-classic-to-block-menu-converter.php HTTP/1.1" 200 - "binance.com" "Mozilla/5.0 (Windows NT 10.0; Win64; x64) AppleWebKit/537.36 (KHTML, like Gecko) Chrome/90.0.4430.85 Safari/537.36"
167.71.230.142 - - [03/May/2024:18:26:36 -0400] "GET /wp-includes/class-wp-dependencies.php HTTP/1.1" 200 - "binance.com" "Mozilla/5.0 (Windows NT 10.0; Win64; x64) AppleWebKit/537.36 (KHTML, like Gecko) Chrome/90.0.4430.85 Safari/537.36"
167.71.230.142 - - [03/May/2024:18:26:45 -0400] "GET /wp-includes/class-wp-duotone.php HTTP/1.1" 200 - "binance.com" "Mozilla/5.0 (Windows NT 10.0; Win64; x64) AppleWebKit/537.36 (KHTML, like Gecko) Chrome/90.0.4430.85 Safari/537.36"
167.71.230.142 - - [03/May/2024:18:26:52 -0400] "GET /wp-includes/class-wp-http.php HTTP/1.1" 500 - "binance.com" "Mozilla/5.0 (Windows NT 10.0; Win64; x64) AppleWebKit/537.36 (KHTML, like Gecko) Chrome/90.0.4430.85 Safari/537.36"
167.71.230.142 - - [03/May/2024:18:27:00 -0400] "GET /wp-includes/class-wp-navigation-fallback.php HTTP/1.1" 200 - "binance.com" "Mozilla/5.0 (Windows NT 10.0; Win64; x64) AppleWebKit/537.36 (KHTML, like Gecko) Chrome/90.0.4430.85 Safari/537.36"
167.71.230.142 - - [03/May/2024:18:27:06 -0400] "GET /wp-includes/class-wp-plugin-dependencies.php HTTP/1.1" 200 - "binance.com" "Mozilla/5.0 (Windows NT 10.0; Win64; x64) AppleWebKit/537.36 (KHTML, like Gecko) Chrome/90.0.4430.85 Safari/537.36"
167.71.230.142 - - [03/May/2024:18:27:13 -0400] "GET /wp-includes/class-wp-script-modules.php HTTP/1.1" 200 - "binance.com" "Mozilla/5.0 (Windows NT 10.0; Win64; x64) AppleWebKit/537.36 (KHTML, like Gecko) Chrome/90.0.4430.85 Safari/537.36"
167.71.230.142 - - [03/May/2024:18:27:22 -0400] "GET /wp-includes/class-wp-scripts.php HTTP/1.1" 500 - "binance.com" "Mozilla/5.0 (Windows NT 10.0; Win64; x64) AppleWebKit/537.36 (KHTML, like Gecko) Chrome/90.0.4430.85 Safari/537.36"
167.71.230.142 - - [03/May/2024:18:27:33 -0400] "GET /wp-includes/class-wp-styles.php HTTP/1.1" 500 - "binance.com" "Mozilla/5.0 (Windows NT 10.0; Win64; x64) AppleWebKit/537.36 (KHTML, like Gecko) Chrome/90.0.4430.85 Safari/537.36"
167.71.230.142 - - [03/May/2024:18:27:43 -0400] "GET /wp-includes/class-wp-textdomain-registry.php HTTP/1.1" 200 - "binance.com" "Mozilla/5.0 (Windows NT 10.0; Win64; x64) AppleWebKit/537.36 (KHTML, like Gecko) Chrome/90.0.4430.85 Safari/537.36"
167.71.230.142 - - [03/May/2024:18:28:03 -0400] "GET /wp-includes/class-wp-theme-json-data.php HTTP/1.1" 200 - "binance.com" "Mozilla/5.0 (Windows NT 10.0; Win64; x64) AppleWebKit/537.36 (KHTML, like Gecko) Chrome/90.0.4430.85 Safari/537.36"
167.71.230.142 - - [03/May/2024:18:28:12 -0400] "GET /wp-includes/class-wp-theme-json-resolver.php HTTP/1.1" 200 - "binance.com" "Mozilla/5.0 (Windows NT 10.0; Win64; x64) AppleWebKit/537.36 (KHTML, like Gecko) Chrome/90.0.4430.85 Safari/537.36"
167.71.230.142 - - [03/May/2024:18:28:21 -0400] "GET /wp-includes/class-wp-theme-json-schema.php HTTP/1.1" 200 - "binance.com" "Mozilla/5.0 (Windows NT 10.0; Win64; x64) AppleWebKit/537.36 (KHTML, like Gecko) Chrome/90.0.4430.85 Safari/537.36"
167.71.230.142 - - [03/May/2024:18:28:28 -0400] "GET /wp-includes/class-wp-theme-json.php HTTP/1.1" 200 - "binance.com" "Mozilla/5.0 (Windows NT 10.0; Win64; x64) AppleWebKit/537.36 (KHTML, like Gecko) Chrome/90.0.4430.85 Safari/537.36"
167.71.230.142 - - [03/May/2024:18:28:40 -0400] "GET /wp-includes/class-wpdb.php HTTP/1.1" 200 - "binance.com" "Mozilla/5.0 (Windows NT 10.0; Win64; x64) AppleWebKit/537.36 (KHTML, like Gecko) Chrome/90.0.4430.85 Safari/537.36"
167.71.230.142 - - [03/May/2024:18:28:50 -0400] "GET /wp-includes/fonts.php HTTP/1.1" 200 - "binance.com" "Mozilla/5.0 (Windows NT 10.0; Win64; x64) AppleWebKit/537.36 (KHTML, like Gecko) Chrome/90.0.4430.85 Safari/537.36"
167.71.230.142 - - [03/May/2024:18:29:04 -0400] "GET /wp-includes/global-styles-and-settings.php HTTP/1.1" 200 - "binance.com" "Mozilla/5.0 (Windows NT 10.0; Win64; x64) AppleWebKit/537.36 (KHTML, like Gecko) Chrome/90.0.4430.85 Safari/537.36"
167.71.230.142 - - [03/May/2024:18:29:16 -0400] "GET /wp-includes/https-detection.php HTTP/1.1" 200 - "binance.com" "Mozilla/5.0 (Windows NT 10.0; Win64; x64) AppleWebKit/537.36 (KHTML, like Gecko) Chrome/90.0.4430.85 Safari/537.36"
167.71.230.142 - - [03/May/2024:18:29:28 -0400] "GET /wp-includes/https-migration.php HTTP/1.1" 200 - "binance.com" "Mozilla/5.0 (Windows NT 10.0; Win64; x64) AppleWebKit/537.36 (KHTML, like Gecko) Chrome/90.0.4430.85 Safari/537.36"
167.71.230.142 - - [03/May/2024:18:29:41 -0400] "GET /wp-includes/robots-template.php HTTP/1.1" 200 - "binance.com" "Mozilla/5.0 (Windows NT 10.0; Win64; x64) AppleWebKit/537.36 (KHTML, like Gecko) Chrome/90.0.4430.85 Safari/537.36"
167.71.230.142 - - [03/May/2024:18:29:57 -0400] "GET /wp-includes/script-modules.php HTTP/1.1" 200 - "binance.com" "Mozilla/5.0 (Windows NT 10.0; Win64; x64) AppleWebKit/537.36 (KHTML, like Gecko) Chrome/90.0.4430.85 Safari/537.36"
167.71.230.142 - - [03/May/2024:18:30:11 -0400] "GET /wp-includes/style-engine.php HTTP/1.1" 200 - "binance.com" "Mozilla/5.0 (Windows NT 10.0; Win64; x64) AppleWebKit/537.36 (KHTML, like Gecko) Chrome/90.0.4430.85 Safari/537.36"
167.71.230.142 - - [03/May/2024:18:30:21 -0400] "GET /wp-includes/template-canvas.php HTTP/1.1" 500 - "binance.com" "Mozilla/5.0 (Windows NT 10.0; Win64; x64) AppleWebKit/537.36 (KHTML, like Gecko) Chrome/90.0.4430.85 Safari/537.36"
167.71.230.142 - - [03/May/2024:18:30:36 -0400] "GET /wp-includes/theme-previews.php HTTP/1.1" 200 - "binance.com" "Mozilla/5.0 (Windows NT 10.0; Win64; x64) AppleWebKit/537.36 (KHTML, like Gecko) Chrome/90.0.4430.85 Safari/537.36"
167.71.230.142 - - [03/May/2024:18:30:47 -0400] "GET /wp-includes/theme-templates.php HTTP/1.1" 200 - "binance.com" "Mozilla/5.0 (Windows NT 10.0; Win64; x64) AppleWebKit/537.36 (KHTML, like Gecko) Chrome/90.0.4430.85 Safari/537.36"
167.71.230.142 - - [03/May/2024:18:30:57 -0400] "GET /wp-includes/ID3/ HTTP/1.1" 200 673 "binance.com" "Mozilla/5.0 (Windows NT 10.0; Win64; x64) AppleWebKit/537.36 (KHTML, like Gecko) Chrome/90.0.4430.85 Safari/537.36"
167.71.230.142 - - [03/May/2024:18:31:06 -0400] "GET /wp-includes/ID3/ HTTP/1.1" 200 673 "binance.com" "Mozilla/5.0 (Windows NT 10.0; Win64; x64) AppleWebKit/537.36 (KHTML, like Gecko) Chrome/90.0.4430.85 Safari/537.36"
167.71.230.142 - - [03/May/2024:18:31:23 -0400] "GET /wp-includes/IXR/ HTTP/1.1" 200 581 "binance.com" "Mozilla/5.0 (Windows NT 10.0; Win64; x64) AppleWebKit/537.36 (KHTML, like Gecko) Chrome/90.0.4430.85 Safari/537.36"
167.71.230.142 - - [03/May/2024:18:31:32 -0400] "GET /wp-includes/IXR/ HTTP/1.1" 200 581 "binance.com" "Mozilla/5.0 (Windows NT 10.0; Win64; x64) AppleWebKit/537.36 (KHTML, like Gecko) Chrome/90.0.4430.85 Safari/537.36"
167.71.230.142 - - [03/May/2024:18:31:39 -0400] "GET /wp-includes/PHPMailer/ HTTP/1.1" 200 408 "binance.com" "Mozilla/5.0 (Windows NT 10.0; Win64; x64) AppleWebKit/537.36 (KHTML, like Gecko) Chrome/90.0.4430.85 Safari/537.36"
167.71.230.142 - - [03/May/2024:18:31:45 -0400] "GET /wp-includes/PHPMailer/ HTTP/1.1" 200 408 "binance.com" "Mozilla/5.0 (Windows NT 10.0; Win64; x64) AppleWebKit/537.36 (KHTML, like Gecko) Chrome/90.0.4430.85 Safari/537.36"
167.71.230.142 - - [03/May/2024:18:31:50 -0400] "GET /wp-includes/Text/ HTTP/1.1" 200 382 "binance.com" "Mozilla/5.0 (Windows NT 10.0; Win64; x64) AppleWebKit/537.36 (KHTML, like Gecko) Chrome/90.0.4430.85 Safari/537.36"
167.71.230.142 - - [03/May/2024:18:31:57 -0400] "GET /wp-includes/Text/ HTTP/1.1" 200 382 "binance.com" "Mozilla/5.0 (Windows NT 10.0; Win64; x64) AppleWebKit/537.36 (KHTML, like Gecko) Chrome/90.0.4430.85 Safari/537.36"
167.71.230.142 - - [03/May/2024:18:32:04 -0400] "GET /wp-includes/Text/Diff/ HTTP/1.1" 200 404 "binance.com" "Mozilla/5.0 (Windows NT 10.0; Win64; x64) AppleWebKit/537.36 (KHTML, like Gecko) Chrome/90.0.4430.85 Safari/537.36"
167.71.230.142 - - [03/May/2024:18:32:13 -0400] "GET /wp-includes/Text/Diff/ HTTP/1.1" 200 404 "binance.com" "Mozilla/5.0 (Windows NT 10.0; Win64; x64) AppleWebKit/537.36 (KHTML, like Gecko) Chrome/90.0.4430.85 Safari/537.36"
167.71.230.142 - - [03/May/2024:18:32:19 -0400] "GET /wp-includes/Text/Diff/Engine/ HTTP/1.1" 200 414 "binance.com" "Mozilla/5.0 (Windows NT 10.0; Win64; x64) AppleWebKit/537.36 (KHTML, like Gecko) Chrome/90.0.4430.85 Safari/537.36"
167.71.230.142 - - [03/May/2024:18:32:29 -0400] "GET /wp-includes/Text/Diff/Engine/ HTTP/1.1" 200 414 "binance.com" "Mozilla/5.0 (Windows NT 10.0; Win64; x64) AppleWebKit/537.36 (KHTML, like Gecko) Chrome/90.0.4430.85 Safari/537.36"
167.71.230.142 - - [03/May/2024:18:32:37 -0400] "GET /wp-includes/Text/Diff/Renderer/ HTTP/1.1" 200 367 "binance.com" "Mozilla/5.0 (Windows NT 10.0; Win64; x64) AppleWebKit/537.36 (KHTML, like Gecko) Chrome/90.0.4430.85 Safari/537.36"
167.71.230.142 - - [03/May/2024:18:32:45 -0400] "GET /wp-includes/Text/Diff/Renderer/ HTTP/1.1" 200 367 "binance.com" "Mozilla/5.0 (Windows NT 10.0; Win64; x64) AppleWebKit/537.36 (KHTML, like Gecko) Chrome/90.0.4430.85 Safari/537.36"
167.71.230.142 - - [03/May/2024:18:32:54 -0400] "GET /wp-includes/blocks/ HTTP/1.1" 500 - "binance.com" "Mozilla/5.0 (Windows NT 10.0; Win64; x64) AppleWebKit/537.36 (KHTML, like Gecko) Chrome/90.0.4430.85 Safari/537.36"
167.71.230.142 - - [03/May/2024:18:33:01 -0400] "GET /wp-includes/pomo/ HTTP/1.1" 200 463 "binance.com" "Mozilla/5.0 (Windows NT 10.0; Win64; x64) AppleWebKit/537.36 (KHTML, like Gecko) Chrome/90.0.4430.85 Safari/537.36"
167.71.230.142 - - [03/May/2024:18:33:09 -0400] "GET /wp-includes/pomo/ HTTP/1.1" 200 463 "binance.com" "Mozilla/5.0 (Windows NT 10.0; Win64; x64) AppleWebKit/537.36 (KHTML, like Gecko) Chrome/90.0.4430.85 Safari/537.36"
167.71.230.142 - - [03/May/2024:18:33:17 -0400] "GET /wp-includes/sitemaps/ HTTP/1.1" 200 519 "binance.com" "Mozilla/5.0 (Windows NT 10.0; Win64; x64) AppleWebKit/537.36 (KHTML, like Gecko) Chrome/90.0.4430.85 Safari/537.36"
167.71.230.142 - - [03/May/2024:18:33:25 -0400] "GET /wp-includes/sitemaps/ HTTP/1.1" 200 519 "binance.com" "Mozilla/5.0 (Windows NT 10.0; Win64; x64) AppleWebKit/537.36 (KHTML, like Gecko) Chrome/90.0.4430.85 Safari/537.36"
167.71.230.142 - - [03/May/2024:18:33:36 -0400] "GET /wp-includes/sitemaps/providers/ HTTP/1.1" 200 429 "binance.com" "Mozilla/5.0 (Windows NT 10.0; Win64; x64) AppleWebKit/537.36 (KHTML, like Gecko) Chrome/90.0.4430.85 Safari/537.36"
167.71.230.142 - - [03/May/2024:18:33:45 -0400] "GET /wp-includes/sitemaps/providers/ HTTP/1.1" 200 429 "binance.com" "Mozilla/5.0 (Windows NT 10.0; Win64; x64) AppleWebKit/537.36 (KHTML, like Gecko) Chrome/90.0.4430.85 Safari/537.36"
167.71.230.142 - - [03/May/2024:18:33:54 -0400] "GET /wp-includes/widgets/ HTTP/1.1" 200 690 "binance.com" "Mozilla/5.0 (Windows NT 10.0; Win64; x64) AppleWebKit/537.36 (KHTML, like Gecko) Chrome/90.0.4430.85 Safari/537.36"
167.71.230.142 - - [03/May/2024:18:34:00 -0400] "GET /wp-includes/widgets/ HTTP/1.1" 200 690 "binance.com" "Mozilla/5.0 (Windows NT 10.0; Win64; x64) AppleWebKit/537.36 (KHTML, like Gecko) Chrome/90.0.4430.85 Safari/537.36"
167.71.230.142 - - [03/May/2024:18:34:08 -0400] "GET /wp-includes/widgets/class-wp-widget-block.php HTTP/1.1" 500 - "binance.com" "Mozilla/5.0 (Windows NT 10.0; Win64; x64) AppleWebKit/537.36 (KHTML, like Gecko) Chrome/90.0.4430.85 Safari/537.36"
167.71.230.142 - - [03/May/2024:18:34:12 -0400] "GET /wp-includes/css/ HTTP/1.1" 200 990 "binance.com" "Mozilla/5.0 (Windows NT 10.0; Win64; x64) AppleWebKit/537.36 (KHTML, like Gecko) Chrome/90.0.4430.85 Safari/537.36"
167.71.230.142 - - [03/May/2024:18:34:21 -0400] "GET /wp-includes/css/dist/ HTTP/1.1" 200 655 "binance.com" "Mozilla/5.0 (Windows NT 10.0; Win64; x64) AppleWebKit/537.36 (KHTML, like Gecko) Chrome/90.0.4430.85 Safari/537.36"
167.71.230.142 - - [03/May/2024:18:34:32 -0400] "GET /wp-includes/fonts/ HTTP/1.1" 200 555 "binance.com" "Mozilla/5.0 (Windows NT 10.0; Win64; x64) AppleWebKit/537.36 (KHTML, like Gecko) Chrome/90.0.4430.85 Safari/537.36"
167.71.230.142 - - [03/May/2024:18:34:40 -0400] "GET /wp-includes/fonts/ HTTP/1.1" 200 555 "binance.com" "Mozilla/5.0 (Windows NT 10.0; Win64; x64) AppleWebKit/537.36 (KHTML, like Gecko) Chrome/90.0.4430.85 Safari/537.36"
167.71.230.142 - - [03/May/2024:18:34:49 -0400] "GET /wp-includes/fonts/class-wp-font-collection.php HTTP/1.1" 200 - "binance.com" "Mozilla/5.0 (Windows NT 10.0; Win64; x64) AppleWebKit/537.36 (KHTML, like Gecko) Chrome/90.0.4430.85 Safari/537.36"
167.71.230.142 - - [03/May/2024:18:34:57 -0400] "GET /wp-includes/fonts/class-wp-font-face-resolver.php HTTP/1.1" 200 - "binance.com" "Mozilla/5.0 (Windows NT 10.0; Win64; x64) AppleWebKit/537.36 (KHTML, like Gecko) Chrome/90.0.4430.85 Safari/537.36"
167.71.230.142 - - [03/May/2024:18:35:05 -0400] "GET /wp-includes/fonts/class-wp-font-face.php HTTP/1.1" 200 - "binance.com" "Mozilla/5.0 (Windows NT 10.0; Win64; x64) AppleWebKit/537.36 (KHTML, like Gecko) Chrome/90.0.4430.85 Safari/537.36"
167.71.230.142 - - [03/May/2024:18:35:13 -0400] "GET /wp-includes/fonts/class-wp-font-library.php HTTP/1.1" 200 - "binance.com" "Mozilla/5.0 (Windows NT 10.0; Win64; x64) AppleWebKit/537.36 (KHTML, like Gecko) Chrome/90.0.4430.85 Safari/537.36"
167.71.230.142 - - [03/May/2024:18:35:22 -0400] "GET /wp-includes/fonts/class-wp-font-utils.php HTTP/1.1" 200 - "binance.com" "Mozilla/5.0 (Windows NT 10.0; Win64; x64) AppleWebKit/537.36 (KHTML, like Gecko) Chrome/90.0.4430.85 Safari/537.36"
167.71.230.142 - - [03/May/2024:18:35:33 -0400] "GET /wp-includes/images/ HTTP/1.1" 200 937 "binance.com" "Mozilla/5.0 (Windows NT 10.0; Win64; x64) AppleWebKit/537.36 (KHTML, like Gecko) Chrome/90.0.4430.85 Safari/537.36"
167.71.230.142 - - [03/May/2024:18:35:40 -0400] "GET /wp-includes/images/crystal/ HTTP/1.1" 200 559 "binance.com" "Mozilla/5.0 (Windows NT 10.0; Win64; x64) AppleWebKit/537.36 (KHTML, like Gecko) Chrome/90.0.4430.85 Safari/537.36"
167.71.230.142 - - [03/May/2024:18:35:49 -0400] "GET /wp-includes/images/media/ HTTP/1.1" 200 638 "binance.com" "Mozilla/5.0 (Windows NT 10.0; Win64; x64) AppleWebKit/537.36 (KHTML, like Gecko) Chrome/90.0.4430.85 Safari/537.36"
167.71.230.142 - - [03/May/2024:18:35:56 -0400] "GET /wp-includes/images/smilies/ HTTP/1.1" 200 766 "binance.com" "Mozilla/5.0 (Windows NT 10.0; Win64; x64) AppleWebKit/537.36 (KHTML, like Gecko) Chrome/90.0.4430.85 Safari/537.36"
198.54.126.42 - - [03/May/2024:18:36:08 -0400] "POST /wp-cron.php?doing_wp_cron=1714775768.6411399841308593750000 HTTP/1.1" 200 - "-" "WordPress/6.5.2; https://dependablelc.com"
167.71.230.142 - - [03/May/2024:18:36:07 -0400] "GET /wp-includes/images/wlw/ HTTP/1.1" 301 - "binance.com" "Mozilla/5.0 (Windows NT 10.0; Win64; x64) AppleWebKit/537.36 (KHTML, like Gecko) Chrome/90.0.4430.85 Safari/537.36"
167.71.230.142 - - [03/May/2024:18:36:31 -0400] "GET /wp-includes/js/%20 HTTP/1.1" 301 - "binance.com" "Mozilla/5.0 (Windows NT 10.0; Win64; x64) AppleWebKit/537.36 (KHTML, like Gecko) Chrome/90.0.4430.85 Safari/537.36"
167.71.230.142 - - [03/May/2024:18:36:46 -0400] "GET /wp-includes/js/codemirror/ HTTP/1.1" 200 506 "binance.com" "Mozilla/5.0 (Windows NT 10.0; Win64; x64) AppleWebKit/537.36 (KHTML, like Gecko) Chrome/90.0.4430.85 Safari/537.36"
167.71.230.142 - - [03/May/2024:18:36:55 -0400] "GET /wp-includes/js/plupload/ HTTP/1.1" 200 515 "binance.com" "Mozilla/5.0 (Windows NT 10.0; Win64; x64) AppleWebKit/537.36 (KHTML, like Gecko) Chrome/90.0.4430.85 Safari/537.36"
167.71.230.142 - - [03/May/2024:18:37:01 -0400] "GET /.well-known/ HTTP/1.1" 200 381 "binance.com" "Mozilla/5.0 (Windows NT 10.0; Win64; x64) AppleWebKit/537.36 (KHTML, like Gecko) Chrome/90.0.4430.85 Safari/537.36"
198.54.126.42 - - [03/May/2024:19:10:18 -0400] "POST /wp-cron.php?doing_wp_cron=1714777818.6514449119567871093750 HTTP/1.1" 200 - "-" "WordPress/6.5.2; https://dependablelc.com"
198.54.126.42 - - [03/May/2024:19:10:18 -0400] "POST /wp-cron.php?doing_wp_cron=1714777818.6895248889923095703125 HTTP/1.1" 200 - "-" "WordPress/6.5.2; https://dependablelc.com"
102.129.234.67 - - [03/May/2024:19:10:17 -0400] "GET /.env HTTP/1.1" 301 - "-" "Mozilla/5.0 (Macintosh; Intel Mac OS X 10.15; rv:77.0) Gecko/20100101 Firefox/77.0"
198.54.126.42 - - [03/May/2024:19:42:31 -0400] "POST /wp-cron.php?doing_wp_cron=1714779751.4911699295043945312500 HTTP/1.1" 200 - "-" "WordPress/6.5.2; https://dependablelc.com"
139.59.44.150 - - [03/May/2024:19:42:31 -0400] "GET /auto_seo.php HTTP/1.1" 301 - "-" "Mozlila/5.0 (Linux; Android 7.0; SM-G892A Bulid/NRD90M; wv) AppleWebKit/537.36 (KHTML, like Gecko) Version/4.0 Chrome/60.0.3112.107 Moblie Safari/537.36"
139.59.44.150 - - [03/May/2024:19:42:42 -0400] "GET /inputs.php HTTP/1.1" 301 - "-" "Mozlila/5.0 (Linux; Android 7.0; SM-G892A Bulid/NRD90M; wv) AppleWebKit/537.36 (KHTML, like Gecko) Version/4.0 Chrome/60.0.3112.107 Moblie Safari/537.36"
139.59.44.150 - - [03/May/2024:19:42:51 -0400] "GET /wp-content/auto_seo.php HTTP/1.1" 301 - "-" "Mozlila/5.0 (Linux; Android 7.0; SM-G892A Bulid/NRD90M; wv) AppleWebKit/537.36 (KHTML, like Gecko) Version/4.0 Chrome/60.0.3112.107 Moblie Safari/537.36"
139.59.44.150 - - [03/May/2024:19:42:59 -0400] "GET /wp-content/inputs.php HTTP/1.1" 301 - "-" "Mozlila/5.0 (Linux; Android 7.0; SM-G892A Bulid/NRD90M; wv) AppleWebKit/537.36 (KHTML, like Gecko) Version/4.0 Chrome/60.0.3112.107 Moblie Safari/537.36"
139.59.44.150 - - [03/May/2024:19:43:08 -0400] "GET /wp-include/auto_seo.php HTTP/1.1" 301 - "-" "Mozlila/5.0 (Linux; Android 7.0; SM-G892A Bulid/NRD90M; wv) AppleWebKit/537.36 (KHTML, like Gecko) Version/4.0 Chrome/60.0.3112.107 Moblie Safari/537.36"
198.54.126.42 - - [03/May/2024:19:43:17 -0400] "POST /wp-cron.php?doing_wp_cron=1714779797.3358259201049804687500 HTTP/1.1" 200 - "-" "WordPress/6.5.2; https://dependablelc.com"
139.59.44.150 - - [03/May/2024:19:43:17 -0400] "GET /wp-include/inputs.php HTTP/1.1" 301 - "-" "Mozlila/5.0 (Linux; Android 7.0; SM-G892A Bulid/NRD90M; wv) AppleWebKit/537.36 (KHTML, like Gecko) Version/4.0 Chrome/60.0.3112.107 Moblie Safari/537.36"
198.54.126.42 - - [03/May/2024:21:46:32 -0400] "POST /wp-cron.php?doing_wp_cron=1714787192.6973350048065185546875 HTTP/1.1" 200 - "-" "WordPress/6.5.2; https://dependablelc.com"
43.159.141.180 - - [03/May/2024:21:46:31 -0400] "GET / HTTP/1.1" 301 - "-" "Mozilla/5.0 (iPhone; CPU iPhone OS 13_2_3 like Mac OS X) AppleWebKit/605.1.15 (KHTML, like Gecko) Version/13.0.3 Mobile/15E148 Safari/604.1"
102.129.234.130 - - [03/May/2024:21:47:08 -0400] "GET /.env HTTP/1.1" 301 - "-" "Mozilla/5.0 (Macintosh; Intel Mac OS X 10.15; rv:77.0) Gecko/20100101 Firefox/77.0"
86.48.27.74 - - [03/May/2024:21:51:07 -0400] "GET /wp-content/plugins/litespeed-cache/assets/css/litespeed-legacy.css HTTP/1.1" 301 - "-" "Mozilla/5.0 (Linux; Android 9; SAMSUNG SM-G950F) AppleWebKit/537.36 (KHTML, like Gecko) SamsungBrowser/12.1 Chrome/79.0.3945.136 Mobile Safari/537.36"
198.54.126.42 - - [03/May/2024:22:00:03 -0400] "POST /wp-cron.php?doing_wp_cron=1714788003.6732239723205566406250 HTTP/1.1" 200 - "-" "WordPress/6.5.2; https://dependablelc.com"
198.54.126.42 - - [03/May/2024:22:00:03 -0400] "POST /wp-cron.php?doing_wp_cron=1714788003.7295970916748046875000 HTTP/1.1" 200 - "-" "WordPress/6.5.2; https://dependablelc.com"
91.92.250.23 - - [03/May/2024:22:00:02 -0400] "GET //wp-content/plugins/fix/up.php HTTP/1.1" 301 - "-" "Mozilla/5.0 (Windows NT 10.0; Win64; x64) AppleWebKit/537.36 (KHTML, like Gecko) Chrome/85.0.4183.102 Safari/537.36"
198.54.126.42 - - [03/May/2024:22:31:48 -0400] "POST /wp-cron.php?doing_wp_cron=1714789908.8281199932098388671875 HTTP/1.1" 200 - "-" "WordPress/6.5.2; https://dependablelc.com"
80.66.79.9 - - [03/May/2024:22:31:48 -0400] "GET / HTTP/1.1" 301 - "https://fable.in.ua/" "Mozilla/5.0 (Windows NT 5.1; U; en) Opera 8.01"
80.66.79.9 - - [03/May/2024:22:31:47 -0400] "GET / HTTP/1.1" 301 - "https://fable.in.ua/" "Mozilla/5.0 (Windows NT 5.1; U; en) Opera 8.01"
80.66.79.9 - - [03/May/2024:22:31:49 -0400] "GET / HTTP/1.1" 301 - "https://fable.in.ua/" "Mozilla/5.0 (Windows NT 5.1; U; en) Opera 8.01"
198.54.126.42 - - [03/May/2024:23:30:14 -0400] "POST /wp-cron.php?doing_wp_cron=1714793414.5393540859222412109375 HTTP/1.1" 200 - "-" "WordPress/6.5.2; https://dependablelc.com"
198.54.126.42 - - [03/May/2024:23:30:14 -0400] "POST /wp-cron.php?doing_wp_cron=1714793414.5876719951629638671875 HTTP/1.1" 200 - "-" "WordPress/6.5.2; https://dependablelc.com"
34.106.61.185 - - [03/May/2024:23:30:13 -0400] "GET /wp-content/plugins/wp-automatic/css/wp-automatic.css HTTP/1.1" 301 - "dependablelc.com" "Mozilla/5.0 (Windows NT 10.0; Win64; x64) AppleWebKit/537.36 (KHTML, like Gecko) Chrome/124.0.0.0 Safari/537.36"
198.54.126.42 - - [04/May/2024:00:05:01 -0400] "POST /wp-cron.php?doing_wp_cron=1714795501.6741321086883544921875 HTTP/1.1" 200 - "-" "WordPress/6.5.2; https://dependablelc.com"
44.204.180.28 - - [04/May/2024:00:05:00 -0400] "GET /robots.txt HTTP/1.1" 301 - "-" "Mozilla/5.0 (X11; Linux x86_64) AppleWebKit/537.36 (KHTML, like Gecko) Chrome/94.0.4606.81 Safari/537.36"
44.204.180.28 - - [04/May/2024:00:05:02 -0400] "GET / HTTP/1.1" 301 - "-" "Mozilla/5.0 (X11; Linux x86_64) AppleWebKit/537.36 (KHTML, like Gecko) Chrome/94.0.4606.81 Safari/537.36"
198.54.126.42 - - [04/May/2024:00:37:22 -0400] "POST /wp-cron.php?doing_wp_cron=1714797442.4967629909515380859375 HTTP/1.1" 200 - "-" "WordPress/6.5.2; https://dependablelc.com"
51.210.102.98 - - [04/May/2024:00:37:21 -0400] "GET /wp-login.php HTTP/1.1" 302 - "-" "Mozilla/5.0 (Windows NT 10.0; Win64; x64; rv:67.0) Gecko/20100101 Firefox/67.0"
198.54.126.42 - - [04/May/2024:01:51:27 -0400] "POST /wp-cron.php?doing_wp_cron=1714801887.7771019935607910156250 HTTP/1.1" 200 - "-" "WordPress/6.5.2; https://dependablelc.com"
45.83.31.80 - - [04/May/2024:01:51:26 -0400] "GET / HTTP/1.1" 301 - "-" "Go-http-client/1.1"
45.83.31.80 - - [04/May/2024:01:51:30 -0400] "GET //wp-includes/css/buttons.css HTTP/1.1" 200 2495 "-" "Go-http-client/1.1"
198.54.126.42 - - [04/May/2024:02:05:16 -0400] "GET /wp-content/uploads/rsssl/test.txt HTTP/1.1" 200 35 "-" "WordPress/6.5.2; https://dependablelc.com"
